DRC Error Report
D:/pcb/Duplicate Drill Hole DRC/allegro/dh_auto_span_cases.drc_only.brd
Fri May  8 18:15:22 2026

DRC Error Count Summary
DRC Error Type,DRC Error Count
Route Keepin,10
Physical Constraint,34
Manufacturing Constraint,4
Total DRC Errors,48

Detailed DRC Errors
Constraint Name,DRC Marker Location,DRC Subclass,Required Value,Actual Value,Constraint Source,Constraint Source Type,Element 1,Element 2
Blind/Buried Via to Route Keepin Spacing,(148.020 90.912),TOP,0 MM,431.24 MM,DEFAULT,NET SPACING CONSTRAINTS,Shape "Route Keepin/All",Via "Dh_Span_Top_Gnd  (545.000 260.000) (Net_A)"
Blind/Buried Via to Route Keepin Spacing,(148.020 90.912),TOP,0 MM,431.24 MM,DEFAULT,NET SPACING CONSTRAINTS,Shape "Route Keepin/All",Via "Dh_Span_Top_Gnd  (545.000 260.000) (Net_A)"
Blind/Buried Via to Route Keepin Spacing,(148.043 90.858),TOP,0 MM,435.844 MM,DEFAULT,NET SPACING CONSTRAINTS,Shape "Route Keepin/All",Via "Dh_Span_Top_Gnd  (550.000 260.000) (Net_A)"
Blind/Buried Via to Route Keepin Spacing,(148.065 90.805),TOP,0 MM,440.457 MM,DEFAULT,NET SPACING CONSTRAINTS,Shape "Route Keepin/All",Via "Dh_Span_Top_Inner1  (555.000 260.000) (Net_A)"
Blind/Buried Via to Route Keepin Spacing,(148.065 90.805),TOP,0 MM,440.457 MM,DEFAULT,NET SPACING CONSTRAINTS,Shape "Route Keepin/All",Via "Dh_Span_Top_Gnd  (555.000 260.000) (Net_A)"
Blind/Buried Via to Route Keepin Spacing,(148.087 90.753),INNER1,0 MM,445.078 MM,DEFAULT,NET SPACING CONSTRAINTS,Shape "Route Keepin/All",Via "Dh_Span_Inner1_Bottom  (560.000 260.000) (Net_A)"
Blind/Buried Via to Route Keepin Spacing,(148.087 90.753),TOP,0 MM,445.078 MM,DEFAULT,NET SPACING CONSTRAINTS,Shape "Route Keepin/All",Via "Dh_Span_Top_Inner1  (560.000 260.000) (Net_A)"
Duplicate Drill Hole,(540.000 260.000),ALL,FALSE,TRUE,NONE,DESIGN,Via "Dh_Span_Thru  (540.000 260.000) (Net_A)",Via "Dh_Span_Thru  (540.000 260.000) (Net_A)"
Duplicate Drill Hole,(545.000 260.000),ALL,FALSE,TRUE,NONE,DESIGN,Via "Dh_Span_Top_Gnd  (545.000 260.000) (Net_A)",Via "Dh_Span_Top_Gnd  (545.000 260.000) (Net_A)"
Duplicate Drill Hole,(550.000 260.000),ALL,FALSE,TRUE,NONE,DESIGN,Via "Dh_Span_Thru  (550.000 260.000) (Net_A)",Via "Dh_Span_Top_Gnd  (550.000 260.000) (Net_A)"
Duplicate Drill Hole,(555.000 260.000),ALL,FALSE,TRUE,NONE,DESIGN,Via "Dh_Span_Top_Gnd  (555.000 260.000) (Net_A)",Via "Dh_Span_Top_Inner1  (555.000 260.000) (Net_A)"
Minimum Blind/Buried Via Stagger Distance,(555.000 260.000),TOP,0.127 MM,0 MM,DEFAULT,PHYSICAL CONSTRAINTS,Via "Dh_Span_Top_Gnd  (555.000 260.000) (Net_A)",Via "Dh_Span_Top_Inner1  (555.000 260.000) (Net_A)"
Minimum Blind/Buried Via Stagger Distance,(560.000 260.000),INNER1,0.127 MM,0 MM,DEFAULT,PHYSICAL CONSTRAINTS,Via "Dh_Span_Inner1_Bottom  (560.000 260.000) (Net_A)",Via "Dh_Span_Top_Inner1  (560.000 260.000) (Net_A)"
Thru Via to Route Keepin Spacing,(147.997 90.967),TOP,0 MM,426.644 MM,DEFAULT,NET SPACING CONSTRAINTS,Shape "Route Keepin/All",Via "Dh_Span_Thru  (540.000 260.000) (Net_A)"
Thru Via to Route Keepin Spacing,(147.997 90.967),TOP,0 MM,426.644 MM,DEFAULT,NET SPACING CONSTRAINTS,Shape "Route Keepin/All",Via "Dh_Span_Thru  (540.000 260.000) (Net_A)"
Thru Via to Route Keepin Spacing,(148.043 90.858),TOP,0 MM,435.844 MM,DEFAULT,NET SPACING CONSTRAINTS,Shape "Route Keepin/All",Via "Dh_Span_Thru  (550.000 260.000) (Net_A)"
Via List,(540.000 260.000),BOTTOM,VIA,DH_SPAN_THRU,DEFAULT,PHYSICAL CONSTRAINTS,Via "Dh_Span_Thru  (540.000 260.000) (Net_A)",
Via List,(540.000 260.000),BOTTOM,VIA,DH_SPAN_THRU,DEFAULT,PHYSICAL CONSTRAINTS,Via "Dh_Span_Thru  (540.000 260.000) (Net_A)",
Via List,(540.000 260.000),GND,VIA,DH_SPAN_THRU,DEFAULT,PHYSICAL CONSTRAINTS,Via "Dh_Span_Thru  (540.000 260.000) (Net_A)",
Via List,(540.000 260.000),GND,VIA,DH_SPAN_THRU,DEFAULT,PHYSICAL CONSTRAINTS,Via "Dh_Span_Thru  (540.000 260.000) (Net_A)",
Via List,(540.000 260.000),INNER1,VIA,DH_SPAN_THRU,DEFAULT,PHYSICAL CONSTRAINTS,Via "Dh_Span_Thru  (540.000 260.000) (Net_A)",
Via List,(540.000 260.000),INNER1,VIA,DH_SPAN_THRU,DEFAULT,PHYSICAL CONSTRAINTS,Via "Dh_Span_Thru  (540.000 260.000) (Net_A)",
Via List,(540.000 260.000),INNER2,VIA,DH_SPAN_THRU,DEFAULT,PHYSICAL CONSTRAINTS,Via "Dh_Span_Thru  (540.000 260.000) (Net_A)",
Via List,(540.000 260.000),INNER2,VIA,DH_SPAN_THRU,DEFAULT,PHYSICAL CONSTRAINTS,Via "Dh_Span_Thru  (540.000 260.000) (Net_A)",
Via List,(540.000 260.000),POWER,VIA,DH_SPAN_THRU,DEFAULT,PHYSICAL CONSTRAINTS,Via "Dh_Span_Thru  (540.000 260.000) (Net_A)",
Via List,(540.000 260.000),POWER,VIA,DH_SPAN_THRU,DEFAULT,PHYSICAL CONSTRAINTS,Via "Dh_Span_Thru  (540.000 260.000) (Net_A)",
Via List,(540.000 260.000),TOP,VIA,DH_SPAN_THRU,DEFAULT,PHYSICAL CONSTRAINTS,Via "Dh_Span_Thru  (540.000 260.000) (Net_A)",
Via List,(540.000 260.000),TOP,VIA,DH_SPAN_THRU,DEFAULT,PHYSICAL CONSTRAINTS,Via "Dh_Span_Thru  (540.000 260.000) (Net_A)",
Via List,(545.000 260.000),GND,VIA,DH_SPAN_TOP_GND,DEFAULT,PHYSICAL CONSTRAINTS,Via "Dh_Span_Top_Gnd  (545.000 260.000) (Net_A)",
Via List,(545.000 260.000),GND,VIA,DH_SPAN_TOP_GND,DEFAULT,PHYSICAL CONSTRAINTS,Via "Dh_Span_Top_Gnd  (545.000 260.000) (Net_A)",
Via List,(545.000 260.000),TOP,VIA,DH_SPAN_TOP_GND,DEFAULT,PHYSICAL CONSTRAINTS,Via "Dh_Span_Top_Gnd  (545.000 260.000) (Net_A)",
Via List,(545.000 260.000),TOP,VIA,DH_SPAN_TOP_GND,DEFAULT,PHYSICAL CONSTRAINTS,Via "Dh_Span_Top_Gnd  (545.000 260.000) (Net_A)",
Via List,(550.000 260.000),BOTTOM,VIA,DH_SPAN_THRU,DEFAULT,PHYSICAL CONSTRAINTS,Via "Dh_Span_Thru  (550.000 260.000) (Net_A)",
Via List,(550.000 260.000),GND,VIA,DH_SPAN_THRU,DEFAULT,PHYSICAL CONSTRAINTS,Via "Dh_Span_Thru  (550.000 260.000) (Net_A)",
Via List,(550.000 260.000),GND,VIA,DH_SPAN_TOP_GND,DEFAULT,PHYSICAL CONSTRAINTS,Via "Dh_Span_Top_Gnd  (550.000 260.000) (Net_A)",
Via List,(550.000 260.000),INNER1,VIA,DH_SPAN_THRU,DEFAULT,PHYSICAL CONSTRAINTS,Via "Dh_Span_Thru  (550.000 260.000) (Net_A)",
Via List,(550.000 260.000),INNER2,VIA,DH_SPAN_THRU,DEFAULT,PHYSICAL CONSTRAINTS,Via "Dh_Span_Thru  (550.000 260.000) (Net_A)",
Via List,(550.000 260.000),POWER,VIA,DH_SPAN_THRU,DEFAULT,PHYSICAL CONSTRAINTS,Via "Dh_Span_Thru  (550.000 260.000) (Net_A)",
Via List,(550.000 260.000),TOP,VIA,DH_SPAN_THRU,DEFAULT,PHYSICAL CONSTRAINTS,Via "Dh_Span_Thru  (550.000 260.000) (Net_A)",
Via List,(550.000 260.000),TOP,VIA,DH_SPAN_TOP_GND,DEFAULT,PHYSICAL CONSTRAINTS,Via "Dh_Span_Top_Gnd  (550.000 260.000) (Net_A)",
Via List,(555.000 260.000),GND,VIA,DH_SPAN_TOP_GND,DEFAULT,PHYSICAL CONSTRAINTS,Via "Dh_Span_Top_Gnd  (555.000 260.000) (Net_A)",
Via List,(555.000 260.000),INNER1,VIA,DH_SPAN_TOP_INNER1,DEFAULT,PHYSICAL CONSTRAINTS,Via "Dh_Span_Top_Inner1  (555.000 260.000) (Net_A)",
Via List,(555.000 260.000),TOP,VIA,DH_SPAN_TOP_GND,DEFAULT,PHYSICAL CONSTRAINTS,Via "Dh_Span_Top_Gnd  (555.000 260.000) (Net_A)",
Via List,(555.000 260.000),TOP,VIA,DH_SPAN_TOP_INNER1,DEFAULT,PHYSICAL CONSTRAINTS,Via "Dh_Span_Top_Inner1  (555.000 260.000) (Net_A)",
Via List,(560.000 260.000),BOTTOM,VIA,DH_SPAN_INNER1_BOTTOM,DEFAULT,PHYSICAL CONSTRAINTS,Via "Dh_Span_Inner1_Bottom  (560.000 260.000) (Net_A)",
Via List,(560.000 260.000),INNER1,VIA,DH_SPAN_INNER1_BOTTOM,DEFAULT,PHYSICAL CONSTRAINTS,Via "Dh_Span_Inner1_Bottom  (560.000 260.000) (Net_A)",
Via List,(560.000 260.000),INNER1,VIA,DH_SPAN_TOP_INNER1,DEFAULT,PHYSICAL CONSTRAINTS,Via "Dh_Span_Top_Inner1  (560.000 260.000) (Net_A)",
Via List,(560.000 260.000),TOP,VIA,DH_SPAN_TOP_INNER1,DEFAULT,PHYSICAL CONSTRAINTS,Via "Dh_Span_Top_Inner1  (560.000 260.000) (Net_A)",

