Cross Section Report
D:/pcb/Duplicate Drill Hole DRC/allegro/probe_multilayer.brd
Fri May  8 18:14:12 2026

Design Cross Section
Subclass Name,Type,Material,Thickness (MM),Tol +,Tol -,Conductivity (mho/cm),Dielectric Constant,Loss Tangent,Negative Artwork,Shield,Width (MM),Unused Pin Pad Suppression,Unused Via Pad Suppression
,SURFACE,AIR,,,,0,1,0,,,,,
STIFFNER_INNER1,MASK,POLYIMIDE,0.2032,0,0,0,4.3,0.035,,,,,
EXPOXY_INNER1,MASK,ADHESIVE_EPOXY,0.025,0,0,0,4.60,0,,,,,
PASTEMASK_TOP,MASK,SOLDER_PASTE_SAC,0.0762,0,0,76900,1,0,,,,,
SILKSCREEN_TOP,MASK,EPOXY_INK_UV_CURE,0.015,0,0,0,4.4,0,,,,,
SOLDERMASK_TOP,MASK,SOLDERMASK,0.02,0,0,0,3.7,0.022,,,,,
TOP,CONDUCTOR,1OZ_COPPER,0.035,0,0,580000,4.5,0,,,0.127,,
,DIELECTRIC,FR-4,0.2,0,0,0,4.5,0.035,,,,,
GND,PLANE,1OZ_COPPER,0.035,0,0,580000,4.5,0,,Yes,,,
,DIELECTRIC,FR-4,0.2,0,0,0,4.5,0.035,,,,,
,DIELECTRIC,FR-4_NO_FLOW_PREPREG,0.0508,0,0,0,4,0.014,,,,,
INNER1,CONDUCTOR,1OZ_COPPER,0.035,0,0,580000,4.5,0,,,0.127,,
,DIELECTRIC,POLYIMIDE,0.25,0,0,0,4.3,0.035,,,,,
INNER2,CONDUCTOR,1OZ_COPPER,0.035,0,0,580000,4.5,0,,,0.127,,
,DIELECTRIC,FR-4_NO_FLOW_PREPREG,0.0508,0,0,0,4,0.014,,,,,
,DIELECTRIC,FR-4,0.2,0,0,0,4.5,0.035,,,,,
POWER,PLANE,1OZ_COPPER,0.035,0,0,580000,4.5,0,,Yes,,,
,DIELECTRIC,FR-4,0.2,0,0,0,4.5,0.035,,,,,
BOTTOM,CONDUCTOR,1OZ_COPPER,0.035,0,0,580000,4.5,0,,,0.127,,
SOLDERMASK_BOTTOM,MASK,SOLDERMASK,0.02,0,0,0,3.7,0.022,,,,,
SILKSCREEN_BOTTOM,MASK,EPOXY_INK_UV_CURE,0.015,0,0,0,4.4,0,,,,,
PASTEMASK_BOTTOM,MASK,SOLDER_PASTE_SAC,0.0762,0,0,76900,1,0,,,,,
,SURFACE,AIR,,,,0,1,0,,,,,

Total Thickness: 1.8122 MM
